[backblue.gif]
[fade.gif]
[index.html]
[maxcdn.bootstrapcdn.com/bootstrap/3.3.1/css/bootstrap.min.css]
[maxcdn.bootstrapcdn.com/bootstrap/3.3.1/css/bootstrap-theme.min.css]
[code.jquery.com/jquery-2.1.0.min.js]
[ajax.googleapis.com/ajax/libs/jquery/1.11.1/jquery.min.js]
[maxcdn.bootstrapcdn.com/bootstrap/3.3.1/js/bootstrap.min.js]
[xfair.mit.edu/javascripts/skrollr.js]
[xfair.mit.edu/assets/Avenir.ttc]
[maxcdn.bootstrapcdn.com/font-awesome/4.2.0/css/font-awesome.min.css]
[xfair.mit.edu/javascripts/skrollr.menu.min.js]
[xfair.mit.edu/javascripts/jquery.flexslider.js]
[xfair.mit.edu/javascripts/style.js]
[i.imgur.com/YTmZVD9.png]
[i.imgur.com/RcZdws4.png]
[i.imgur.com/Z5PCaE9.png]
[i.imgur.com/1mOEldA.png]
[i.imgur.com/QhNY53v.png]
[i.imgur.com/aQQiho7.png]
[i.imgur.com/W1zbIBP.png]
[i.imgur.com/4FNmE3a.png]
[i.imgur.com/aeLxt1j.png]
[i.imgur.com/05qYTMX.png]
[i.imgur.com/WTDoDRx.png]
[i.imgur.com/kPq55zP.png]
[www.filepicker.io/api/file/DIRECTV_logo_RGB[1].JPG]
[www.filepicker.io/api/file/TwoSigma_Logo_RGB_Highres.jpg]
[www.filepicker.io/api/file/Akamai-Logo-RGB-3.jpeg]
[www.filepicker.io/api/file/Design--Resource_Center--Facebook_Logo--facebook_logo.jpg]
[www.filepicker.io/api/file/SLB - Standard.jpg]
[www.filepicker.io/api/file/WATDF_logo_BKTXT_PMS286.png]
[www.filepicker.io/api/file/Yelp_Logo_Outline.jpg]
[www.filepicker.io/api/file/Untitled.png]
[www.filepicker.io/api/file/amplitude blue on clear vertical - large logo.png]
[www.filepicker.io/api/file/Palantir Logo(cropped).png]
[www.filepicker.io/api/file/Bridgewater_AssociatesLogo.png]
[www.filepicker.io/api/file/Nest®.jpg]
[www.filepicker.io/api/file/new black and white logo with jane street.png]
[www.filepicker.io/api/file/Bloomberg-logo.jpg]
[www.filepicker.io/api/file/dropbox-logos_dropbox-logotype-blue.png]
[www.filepicker.io/api/file/logo.bmp]
[www.filepicker.io/api/file/MSFT_logo_rgb_C-Gray.png]
[www.filepicker.io/api/file/amazon-logo.jpg]
[www.filepicker.io/api/file/Intel-Logo.jpg]
[www.filepicker.io/api/file/Medidata_Logo_Color Medium.PNG]
[www.filepicker.io/api/file/Logo_2013_Google.jpg]
[www.filepicker.io/api/file/standard_adobe_logo_-_2-color_red_and_black.png]
[www.filepicker.io/api/file/Twitter_bird_logo_2012.svg.png]
[www.filepicker.io/api/file/3RedLogo_Red.jpg]
[www.filepicker.io/api/file/Athenahealth_primary_outlined_480px.png]
[www.filepicker.io/api/file/Exponent_EngSci_Logo_RBG.jpg]
[www.filepicker.io/api/file/AF_AMADEUS_POS_RGB.jpg]
[www.filepicker.io/api/file/C1_Core_G_CMYK_R.jpg]
[www.filepicker.io/api/file/Alcoa_Trademark_B300dpi.jpg]
[www.filepicker.io/api/file/logo_large.jpg]
[www.filepicker.io/api/file/Y_Logo J peg.jpg]
[www.filepicker.io/api/file/tibco_logo-2x.png]
[www.filepicker.io/api/file/Trove_Logotype-2014_512px.png]
[www.filepicker.io/api/file/FitbitLogo-2.jpg]
[www.filepicker.io/api/file/cisco-meraki.png]
[www.filepicker.io/api/file/A9_logo_RGB.jpg]
[www.filepicker.io/api/file/kiva_logo.jpg]
[www.filepicker.io/api/file/RMN_logo_cmyk_3inch_wide.jpg]
[www.filepicker.io/api/file/Final APT_logo_150x200.jpg]
[s21.postimg.org/uagoirsom/Mark_Forged_logo_copy.html]
[www.filepicker.io/api/file/KBC Logo.png]
[www.filepicker.io/api/file/gore_logo_fullcolor.jpg]
[www.filepicker.io/api/file/MITLL.gif]
[www.filepicker.io/api/file/AppD Logo NEW.png]
[www.filepicker.io/api/file/DESRES_Logo (2).jpg]
[www.filepicker.io/api/file/logoDesktop.png]
[www.filepicker.io/api/file/ServiceNow(R)_logo_STANDARD_RGB_226px_122012.png]
[www.filepicker.io/api/file/Logo.JPG]
[www.filepicker.io/api/file/77963662.jpg]
[www.filepicker.io/api/file/duo_logo.jpg]
[dnanexus.com/images/presskit/logos/dnanexus-medium.png]
[www.filepicker.io/api/file/indeed-logo-1024x422 (1).jpg]
[www.filepicker.io/api/file/mitrelogo-whiteonblue.jpg]
[www.filepicker.io/api/file/NetApp N.jpg]
[www.filepicker.io/api/file/ginger-logo@2x.png]
[www.filepicker.io/api/file/QuoraLogo_color_Small.png]
[www.filepicker.io/api/file/NYTHomePageLogo.png]
[www.filepicker.io/api/file/IMC FM new logo.JPG]
[www.filepicker.io/api/file/NREL Logo.jpg]
[www.filepicker.io/api/file/Raytheon-Logo-HiRes5.jpg]
[s22.postimg.org/9ichrxsm9/biy_logo.jpg]
[www.filepicker.io/api/file/ESPN Technology Image 1.jpg]
[www.filepicker.io/api/file/Orbital Logo.jpg]
[www.filepicker.io/api/file/VMware_logo_blk_RGB_300dpi.jpg]
[www.filepicker.io/api/file/logo 5.png]
[www.filepicker.io/api/file/vert_white_CMYK (Cropped).jpg]
[www.filepicker.io/api/file/logo-horz-blue-jpg.jpg]
[www.filepicker.io/api/file/Synaptics-CMYK-HiRes-2000px.jpg]
[www.filepicker.io/api/file/TripAdvisor-logo.png]
[www.filepicker.io/api/file/RGB_logo_editshare_strapline_hr.jpg]
[www.freelogovectors.net/wp-content/uploads/2012/05/general_dynamics-logo.jpg]
[www.filepicker.io/api/file/image.jpg]
[www.filepicker.io/api/file/civis_logo_2c.png]
[www.filepicker.io/api/file/att logo.jpg]
[www.filepicker.io/api/file/BSC logo from website.jpg]
[www.filepicker.io/api/file/Aurora Logo.jpg]
[i.imgur.com/887KzmI.png]
[www.filepicker.io/api/file/KAYAK_logo.png]
[www.filepicker.io/api/file/square-logo 4.25.24 PM.png]
[www.filepicker.io/api/file/SNL_Stacked_Black_Blue.jpg]
[www.filepicker.io/api/file/logo_head.png]
[www.filepicker.io/api/file/ADI Logo.GIF]
[s27.postimg.org/o1obo5u81/bandcamp.html]
[www.filepicker.io/api/file/citadel_logo_294C.jpg]
[www.filepicker.io/api/file/AngelLogo.jpg]
[www.filepicker.io/api/file/Benefitfocus_Application_Logo_Tagline_Outlines.jpg]
[www.filepicker.io/api/file/shmoop_web_600.jpg]
[www.filepicker.io/api/file/logo.png]
[www.filepicker.io/api/file/logo-2.png]
[www.filepicker.io/api/file/Intentional_logo-EU-Full.jpg]
[www.filepicker.io/api/file/vecna-logo.png]
[www.filepicker.io/api/file/GSPrimaryLogo.jpg]
[www.filepicker.io/api/file/irobotlogobw.png]
[www.filepicker.io/api/file/xr8z288s.bmp]
[www.filepicker.io/api/file/accenture-logo.jpg]
[www.filepicker.io/api/file/ti_stk_2c_pos_rgb_jpg.jpg]
[www.filepicker.io/api/file/Hillcrest_experts logo.jpg]
[www.filepicker.io/api/file/redfin-logo-tag-web (1).png]
[www.filepicker.io/api/file/09_MW_logo_tagline_CMYK_LG.jpg]
[www.filepicker.io/api/file/Kamcord_Logo.png]
[www.filepicker.io/api/file/onshape_logo_medium.png]
[www.filepicker.io/api/file/nutanix-logo (1).png]
[www.filepicker.io/api/file/Formlabs-Logo-2014-03-2.png]
[www.videoadnews.com/wp-content/uploads/2012/12/mediamath.jpg]
[ndia.multiview.com/userlogo/ndia/329511v7v1.jpg]
[www.filepicker.io/api/file/logo_1008x504px_300pdi.png]
[www.filepicker.io/api/file/images.jpg]
[www.filepicker.io/api/file/piazza_logo.png]
[s29.postimg.org/9wiz5k239/Flux_Logo.html]
[www.filepicker.io/api/file/New OW Logo.gif]
[www.filepicker.io/api/file/UC_brandmark_black_jpeg.jpg]
[www.filepicker.io/api/file/Screen Shot 2015-01-18 at 12.40.13 AM.png]
[oi59.tinypic.com/ztrgp.png]
[www.filepicker.io/api/file/PicnicHealthLogo.jpg]
[www.filepicker.io/api/file/logo_2k.png]
[www.filepicker.io/api/file/Blue on White - large.png]
[xfair.mit.edu/index.html]
[www.filepicker.io/api/file/N12.jpg]
[fonts.googleapis.com/css5c84.css]
[ajax.googleapis.com/ajax/libs/angularjs/1.3.5/angular.min.js]
[api.filepicker.io/v1/filepicker.js]
[xfair.mit.edu/script.js]
[xfair.mit.edu/drop.html]
[xfair.mit.edu/student.html]
[xfair.mit.edu/javascripts/skrollr.js]
[xfair.mit.edu/assets/Avenir.ttc]
[xfair.mit.edu/public/images/favicon.html]
[xfair.mit.edu/javascripts/skrollr.menu.min.js]
[xfair.mit.edu/javascripts/jquery.flexslider.js]
[xfair.mit.edu/javascripts/style.js]
[i.imgur.com/YTmZVD9.png]
[maxcdn.bootstrapcdn.com/bootstrap/3.3.1/css/bootstrap.min.css]
[i.imgur.com/RcZdws4.png]
[maxcdn.bootstrapcdn.com/bootstrap/3.3.1/css/bootstrap-theme.min.css]
[maxcdn.bootstrapcdn.com/bootstrap/3.3.1/fonts/glyphicons-halflings-regular.svg]
[code.jquery.com/jquery-2.1.0.min.js]
[i.imgur.com/Z5PCaE9.png]
[i.imgur.com/1mOEldA.png]
[maxcdn.bootstrapcdn.com/bootstrap/3.3.1/js/bootstrap.min.js]
[i.imgur.com/QhNY53v.png]
[i.imgur.com/aQQiho7.png]
[maxcdn.bootstrapcdn.com/font-awesome/4.2.0/css/font-awesome.min.css]
[i.imgur.com/W1zbIBP.png]
[xfair.mit.edu/stylesheets/style.css]
[i.imgur.com/4FNmE3a.png]
[i.imgur.com/aeLxt1j.png]
[i.imgur.com/05qYTMX.png]
[xfair.mit.edu/stylesheets/fonts/flexslider-icon.eot]
[i.imgur.com/WTDoDRx.png]
[i.imgur.com/kPq55zP.png]
[xfair.mit.edu/stylesheets/fonts/flexslider-icond41d.eot]
[xfair.mit.edu/stylesheets/fonts/flexslider-icon.woff]
[xfair.mit.edu/stylesheets/fonts/flexslider-icon.ttf]
[www.filepicker.io/api/file/TwoSigma_Logo_RGB_Highres.jpg]
[www.filepicker.io/api/file/DIRECTV_logo_RGB[1].JPG]
[xfair.mit.edu/stylesheets/flexslider.css]
[www.filepicker.io/api/file/Design--Resource_Center--Facebook_Logo--facebook_logo.jpg]
[xfair.mit.edu/drop.html]
[www.filepicker.io/api/file/Akamai-Logo-RGB-3.jpeg]
[www.filepicker.io/api/file/SLB - Standard.jpg]
[s21.postimg.org/uagoirsom/Mark_Forged_logo_copy.html]
[www.filepicker.io/api/file/WATDF_logo_BKTXT_PMS286.png]
[s27.postimg.org/o1obo5u81/bandcamp.html]
[www.filepicker.io/api/file/citadel_logo_294C.jpg]
[s29.postimg.org/9wiz5k239/Flux_Logo.html]
[www.filepicker.io/api/file/N12.jpg]
[xfair.mit.edu/stylesheets/fonts/flexslider-icon.eot]
[xfair.mit.edu/stylesheets/student.css]
[xfair.mit.edu/stylesheets/fonts/flexslider-icond41d.eot]
[maxcdn.bootstrapcdn.com/bootstrap/3.3.1/fonts/glyphicons-halflings-regular.svg]
[xfair.mit.edu/stylesheets/fonts/flexslider-icon.woff]
[xfair.mit.edu/stylesheets/fonts/flexslider-icon.ttf]
[www.filepicker.io/api/file/KBC Logo.png]
[www.filepicker.io/api/file/New OW Logo.gif]
[xfair.mit.edu/stylesheets/fonts/flexslider-icon.svg]
[maxcdn.bootstrapcdn.com/font-awesome/4.2.0/fonts/fontawesome-webfont78ce.svg]
[maxcdn.bootstrapcdn.com/font-awesome/4.2.0/fonts/fontawesome-webfont78ce.svg]
